[gui] === yaniktoim GUI started 2026-05-27 13:40:16 ===
[gui] === GUI closed 2026-05-27 13:54:25 ===
[gui] === yaniktoim GUI started 2026-05-27 13:54:37 ===
[gui] start: --numbers 283 --batch-size 5 --no-push
2026-05-27T13:54:52 START · pid=5984 · pending=1 · batch_size=5 · numbers=283
2026-05-27T13:54:52 TRANSFORM start: 283
2026-05-27T13:54:52 TRANSFORM exit=1
2026-05-27T13:54:52 FAILED in batch (no/invalid JSON): ['283']
2026-05-27T13:54:52 DONE · transformed=0 · failed=1

[gui] процесс завершён, exit=0
[gui] === yaniktoim GUI started 2026-05-27 14:03:21 ===
[gui] start: --numbers 283 --batch-size 5
2026-05-27T14:03:32 START · pid=4704 · pending=1 · batch_size=5 · numbers=283
2026-05-27T14:03:32 TRANSFORM start: 283
2026-05-27T14:03:32 TRANSFORM exit=1
2026-05-27T14:03:32   → subproc output: C:\Users\admin\yaniktoim\_logs\transform_283.subproc.txt
2026-05-27T14:03:32 FAILED in batch (no/invalid JSON): ['283']
2026-05-27T14:03:32   → 283: see C:\Users\admin\yaniktoim\_logs\transform_283.diff.txt
2026-05-27T14:03:32 DONE · transformed=0 · failed=1

[gui] процесс завершён, exit=0
[gui] === GUI closed 2026-05-27 14:05:13 ===
[gui] === GUI closed 2026-05-27 14:05:14 ===
[gui] === yaniktoim GUI started 2026-05-27 15:09:55 ===
[gui] start: --numbers 215 --batch-size 5
2026-05-27T15:10:03 START · pid=5060 · pending=1 · batch_size=5 · numbers=215
2026-05-27T15:10:03 TRANSFORM start: 215
2026-05-27T15:10:03 TRANSFORM exit=1
2026-05-27T15:10:03   → subproc output: C:\Users\admin\yaniktoim\_logs\transform_215.subproc.txt
2026-05-27T15:10:03 FAILED in batch (no/invalid JSON): ['215']
2026-05-27T15:10:03 DONE · transformed=0 · failed=2

[gui] процесс завершён, exit=0
[gui] === GUI closed 2026-05-27 15:24:53 ===
[gui] === yaniktoim GUI started 2026-05-27 15:24:58 ===
[gui] start: --numbers 215 --batch-size 5 --no-push
2026-05-27T15:25:08 START · pid=13064 · pending=1 · batch_size=5 · numbers=215
2026-05-27T15:25:08 TRANSFORM start: 215
2026-05-27T15:26:36 TRANSFORM exit=0
2026-05-27T15:26:36 RENDER 215
  ✓ 215 best/215.html
2026-05-27T15:26:36 INDEX rebuild
main → site/index.html (350 articles, 7 sections)
  best → 32 articles
  dreamon → 35 articles
  cyberson → 21 articles
  dabudet → 51 articles
  confront → 100 articles
  shoshana → 84 articles
  other → 27 articles
2026-05-27T15:26:36 DONE · transformed=1 · failed=2

[gui] процесс завершён, exit=0
[gui] === yaniktoim GUI started 2026-05-27 15:27:57 ===
[gui] === GUI closed 2026-05-27 15:27:59 ===
[gui] start: --numbers 299 --batch-size 5 --no-push
2026-05-27T15:44:43 START · pid=9008 · pending=1 · batch_size=5 · numbers=299
2026-05-27T15:44:43 TRANSFORM start: 299
2026-05-27T15:47:55 TRANSFORM exit=0
2026-05-27T15:47:55 RENDER 299
  ✓ 299 best/299.html
2026-05-27T15:47:55 INDEX rebuild
main → site/index.html (350 articles, 7 sections)
  best → 32 articles
  dreamon → 35 articles
  cyberson → 21 articles
  dabudet → 51 articles
  confront → 100 articles
  shoshana → 84 articles
  other → 27 articles
2026-05-27T15:47:55 DONE · transformed=2 · failed=2

[gui] процесс завершён, exit=0
[gui] start: --numbers 195 --batch-size 5 --no-push
2026-05-27T16:10:22 START · pid=6648 · pending=1 · batch_size=5 · numbers=195
2026-05-27T16:10:22 TRANSFORM start: 195
2026-05-27T16:18:37 TRANSFORM exit=0
2026-05-27T16:18:37 RENDER 195
  ✓ 195 best/195.html
2026-05-27T16:18:38 INDEX rebuild
main → site/index.html (350 articles, 7 sections)
  best → 32 articles
  dreamon → 35 articles
  cyberson → 21 articles
  dabudet → 51 articles
  confront → 100 articles
  shoshana → 84 articles
  other → 27 articles
2026-05-27T16:18:38 DONE · transformed=3 · failed=2

[gui] процесс завершён, exit=0
[gui] git add…
[gui] git commit…
[main ecde09b] manual push: 24 files (2026-05-27 17:34)
 24 files changed, 1295 insertions(+), 28 deletions(-)
 create mode 100644 best/195.html
 create mode 100644 best/195.jpg
 create mode 100644 best/215.before_postcheck.html
 create mode 100644 best/215.html
 create mode 100644 best/215.jpg
 create mode 100644 best/283.before_postcheck.html
 create mode 100644 best/283.html
 create mode 100644 best/299.before_postcheck.html
 create mode 100644 best/299.html
 create mode 100644 best/299.jpg
[gui] git push…
To https://github.com/imyavel/yaniktoim.git
   cdf225c..ecde09b  main -> main
[gui] push готов
